// Jest Snapshot v1, https://goo.gl/fbAQLP

exports[`Form should render correctly 1`] = `
<form
  className="form-container"
  onSubmit={[Function]}
>
  <div
    className="input-container"
  >
    <label>
      Carbs:
      <input
        max="240"
        min="0"
        onChange={[Function]}
        type="number"
      />
      <em>
        g
      </em>
    </label>
    <label>
      Ratio: 1:
      <input
        max="55.4"
        min="0"
        onChange={[Function]}
        type="number"
      />
      <em>
        mmol
      </em>
    </label>
  </div>
  <Display
    displayValue=""
  />
  <input
    className="submit-button"
    type="submit"
  />
  <img
    alt="glucometer-logo"
    className="logo"
    src="glucometer-logo.png"
  />
</form>
`;
