// Jest Snapshot v1, https://goo.gl/fbAQLP

exports[`Display should render correctly 1`] = `
<div
  className="display-container"
>
  <div
    className="display-value"
  >
    <p />
  </div>
</div>
`;
